==PROF== Connected to process 770440 (/home/hice1/dnguyen487/gpu-labs/p2/a.out)
==PROF== Profiling "fill_tail(int *, int, int, int)" - 0: 0%....50%....100% - 7 passes
==PROF== Profiling "bitonic_shared(int *, int, int)" - 1: 0%....50%....100% - 7 passes
==PROF== Profiling "bitonic_shared(int *, int, int)" - 2: 0%....50%....100% - 7 passes
==PROF== Profiling "bitonic_shared(int *, int, int)" - 3: 0%....50%....100% - 7 passes
==PROF== Profiling "bitonic_shared(int *, int, int)" - 4: 0%....50%....100% - 7 passes
==PROF== Profiling "bitonic_shared(int *, int, int)" - 5: 0%....50%....100% - 7 passes
==PROF== Profiling "bitonic_shared(int *, int, int)" - 6: 0%....50%....100% - 7 passes
==PROF== Profiling "bitonic_shared(int *, int, int)" - 7: 0%....50%....100% - 7 passes
==PROF== Profiling "bitonic_shared(int *, int, int)" - 8: 0%....50%....100% - 7 passes
==PROF== Profiling "bitonic_shared(int *, int, int)" - 9: 0%....50%....100% - 7 passes
==PROF== Profiling "bitonic_shared(int *, int, int)" - 10: 0%....50%....100% - 7 passes
==PROF== Profiling "bitonic_shared(int *, int, int)" - 11: 0%....50%....100% - 7 passes
==PROF== Profiling "compare_exchange_cuda" - 12: 0%....50%....100% - 7 passes
==PROF== Profiling "bitonic_shared(int *, int, int)" - 13: 0%....50%....100% - 7 passes
==PROF== Profiling "compare_exchange_cuda" - 14: 0%....50%....100% - 7 passes
==PROF== Profiling "compare_exchange_cuda" - 15: 0%....50%....100% - 7 passes
==PROF== Profiling "bitonic_shared(int *, int, int)" - 16: 0%....50%....100% - 7 passes
==PROF== Profiling "compare_exchange_cuda" - 17: 0%....50%....100% - 7 passes
==PROF== Profiling "compare_exchange_cuda" - 18: 0%....50%....100% - 7 passes
==PROF== Profiling "compare_exchange_cuda" - 19: 0%....50%....100% - 7 passes
==PROF== Profiling "bitonic_shared(int *, int, int)" - 20: 0%....50%....100% - 7 passes
==PROF== Profiling "compare_exchange_cuda" - 21: 0%....50%....100% - 7 passes
==PROF== Profiling "compare_exchange_cuda" - 22: 0%....50%....100% - 7 passes
==PROF== Profiling "compare_exchange_cuda" - 23: 0%....50%....100% - 7 passes
==PROF== Profiling "compare_exchange_cuda" - 24: 0%....50%....100% - 7 passes
==PROF== Profiling "bitonic_shared(int *, int, int)" - 25: 0%....50%....100% - 7 passes
==PROF== Profiling "compare_exchange_cuda" - 26: 0%....50%....100% - 7 passes
==PROF== Profiling "compare_exchange_cuda" - 27: 0%....50%....100% - 7 passes
==PROF== Profiling "compare_exchange_cuda" - 28: 0%....50%....100% - 7 passes
==PROF== Profiling "compare_exchange_cuda" - 29: 0%....50%....100% - 7 passes
==PROF== Profiling "compare_exchange_cuda" - 30: 0%....50%....100% - 7 passes
==PROF== Profiling "bitonic_shared(int *, int, int)" - 31: 0%....50%....100% - 7 passes
==PROF== Profiling "compare_exchange_cuda" - 32: 0%....50%....100% - 7 passes
==PROF== Profiling "compare_exchange_cuda" - 33: 0%....50%....100% - 7 passes
==PROF== Profiling "compare_exchange_cuda" - 34: 0%....50%....100% - 7 passes
==PROF== Profiling "compare_exchange_cuda" - 35: 0%....50%....100% - 7 passes
==PROF== Profiling "compare_exchange_cuda" - 36: 0%....50%....100% - 7 passes
==PROF== Profiling "compare_exchange_cuda" - 37: 0%....50%....100% - 7 passes
==PROF== Profiling "bitonic_shared(int *, int, int)" - 38: 0%....50%....100% - 7 passes
==PROF== Profiling "compare_exchange_cuda" - 39: 0%....50%....100% - 7 passes
==PROF== Profiling "compare_exchange_cuda" - 40: 0%....50%....100% - 7 passes
==PROF== Profiling "compare_exchange_cuda" - 41: 0%....50%....100% - 7 passes
==PROF== Profiling "compare_exchange_cuda" - 42: 0%....50%....100% - 7 passes
==PROF== Profiling "compare_exchange_cuda" - 43: 0%....50%....100% - 7 passes
==PROF== Profiling "compare_exchange_cuda" - 44: 0%....50%....100% - 7 passes
==PROF== Profiling "compare_exchange_cuda" - 45: 0%....50%....100% - 7 passes
==PROF== Profiling "bitonic_shared(int *, int, int)" - 46: 0%....50%....100% - 7 passes
==PROF== Profiling "compare_exchange_cuda" - 47: 0%....50%....100% - 7 passes
==PROF== Profiling "compare_exchange_cuda" - 48: 0%....50%....100% - 7 passes
==PROF== Profiling "compare_exchange_cuda" - 49: 0%....50%....100% - 7 passes
==PROF== Profiling "compare_exchange_cuda" - 50: 0%....50%....100% - 7 passes
==PROF== Profiling "compare_exchange_cuda" - 51: 0%....50%....100% - 7 passes
==PROF== Profiling "compare_exchange_cuda" - 52: 0%....50%....100% - 7 passes
==PROF== Profiling "compare_exchange_cuda" - 53: 0%....50%....100% - 7 passes
==PROF== Profiling "compare_exchange_cuda" - 54: 0%....50%....100% - 7 passes
==PROF== Profiling "bitonic_shared(int *, int, int)" - 55: 0%....50%....100% - 7 passes
==PROF== Profiling "compare_exchange_cuda" - 56: 0%....50%....100% - 7 passes
==PROF== Profiling "compare_exchange_cuda" - 57: 0%....50%....100% - 7 passes
==PROF== Profiling "compare_exchange_cuda" - 58: 0%....50%....100% - 7 passes
==PROF== Profiling "compare_exchange_cuda" - 59: 0%....50%....100% - 7 passes
==PROF== Profiling "compare_exchange_cuda" - 60: 0%....50%....100% - 7 passes
==PROF== Profiling "compare_exchange_cuda" - 61: 0%....50%....100% - 7 passes
==PROF== Profiling "compare_exchange_cuda" - 62: 0%....50%....100% - 7 passes
==PROF== Profiling "compare_exchange_cuda" - 63: 0%....50%....100% - 7 passes
==PROF== Profiling "compare_exchange_cuda" - 64: 0%....50%....100% - 7 passes
==PROF== Profiling "bitonic_shared(int *, int, int)" - 65: 0%....50%....100% - 7 passes
==PROF== Profiling "compare_exchange_cuda" - 66: 0%....50%....100% - 7 passes
==PROF== Profiling "compare_exchange_cuda" - 67: 0%....50%....100% - 7 passes
==PROF== Profiling "compare_exchange_cuda" - 68: 0%....50%....100% - 7 passes
==PROF== Profiling "compare_exchange_cuda" - 69: 0%....50%....100% - 7 passes
==PROF== Profiling "compare_exchange_cuda" - 70: 0%....50%....100% - 7 passes
==PROF== Profiling "compare_exchange_cuda" - 71: 0%....50%....100% - 7 passes
==PROF== Profiling "compare_exchange_cuda" - 72: 0%....50%....100% - 7 passes
==PROF== Profiling "compare_exchange_cuda" - 73: 0%....50%....100% - 7 passes
==PROF== Profiling "compare_exchange_cuda" - 74: 0%....50%....100% - 7 passes
==PROF== Profiling "compare_exchange_cuda" - 75: 0%....50%....100% - 7 passes
==PROF== Profiling "bitonic_shared(int *, int, int)" - 76: 0%....50%....100% - 7 passes
==PROF== Profiling "compare_exchange_cuda" - 77: 0%....50%....100% - 7 passes
==PROF== Profiling "compare_exchange_cuda" - 78: 0%....50%....100% - 7 passes
==PROF== Profiling "compare_exchange_cuda" - 79: 0%....50%....100% - 7 passes
==PROF== Profiling "compare_exchange_cuda" - 80: 0%....50%....100% - 7 passes
==PROF== Profiling "compare_exchange_cuda" - 81: 0%....50%....100% - 7 passes
==PROF== Profiling "compare_exchange_cuda" - 82: 0%....50%....100% - 7 passes
==PROF== Profiling "compare_exchange_cuda" - 83: 0%....50%....100% - 7 passes
==PROF== Profiling "compare_exchange_cuda" - 84: 0%....50%....100% - 7 passes
==PROF== Profiling "compare_exchange_cuda" - 85: 0%....50%....100% - 7 passes
==PROF== Profiling "compare_exchange_cuda" - 86: 0%....50%....100% - 7 passes
==PROF== Profiling "compare_exchange_cuda" - 87: 0%....50%....100% - 7 passes
==PROF== Profiling "bitonic_shared(int *, int, int)" - 88: 0%....50%....100% - 7 passes
==PROF== Profiling "compare_exchange_cuda" - 89: 0%....50%....100% - 7 passes
==PROF== Profiling "compare_exchange_cuda" - 90: 0%....50%....100% - 7 passes
==PROF== Profiling "compare_exchange_cuda" - 91: 0%....50%....100% - 7 passes
==PROF== Profiling "compare_exchange_cuda" - 92: 0%....50%....100% - 7 passes
==PROF== Profiling "compare_exchange_cuda" - 93: 0%....50%....100% - 7 passes
==PROF== Profiling "compare_exchange_cuda" - 94: 0%....50%....100% - 7 passes
==PROF== Profiling "compare_exchange_cuda" - 95: 0%....50%....100% - 7 passes
==PROF== Profiling "compare_exchange_cuda" - 96: 0%....50%....100% - 7 passes
==PROF== Profiling "compare_exchange_cuda" - 97: 0%....50%....100% - 7 passes
==PROF== Profiling "compare_exchange_cuda" - 98: 0%....50%....100% - 7 passes
==PROF== Profiling "compare_exchange_cuda" - 99: 0%....50%....100% - 7 passes
==PROF== Profiling "compare_exchange_cuda" - 100: 0%....50%....100% - 7 passes
==PROF== Profiling "bitonic_shared(int *, int, int)" - 101: 0%....50%....100% - 7 passes
==PROF== Profiling "compare_exchange_cuda" - 102: 0%....50%....100% - 7 passes
==PROF== Profiling "compare_exchange_cuda" - 103: 0%....50%....100% - 7 passes
==PROF== Profiling "compare_exchange_cuda" - 104: 0%....50%....100% - 7 passes
==PROF== Profiling "compare_exchange_cuda" - 105: 0%....50%....100% - 7 passes
==PROF== Profiling "compare_exchange_cuda" - 106: 0%....50%....100% - 7 passes
==PROF== Profiling "compare_exchange_cuda" - 107: 0%....50%....100% - 7 passes
==PROF== Profiling "compare_exchange_cuda" - 108: 0%....50%....100% - 7 passes
==PROF== Profiling "compare_exchange_cuda" - 109: 0%....50%....100% - 7 passes
==PROF== Profiling "compare_exchange_cuda" - 110: 0%....50%....100% - 7 passes
==PROF== Profiling "compare_exchange_cuda" - 111: 0%....50%....100% - 7 passes
==PROF== Profiling "compare_exchange_cuda" - 112: 0%....50%....100% - 7 passes
==PROF== Profiling "compare_exchange_cuda" - 113: 0%....50%....100% - 7 passes
==PROF== Profiling "compare_exchange_cuda" - 114: 0%....50%....100% - 7 passes
==PROF== Profiling "bitonic_shared(int *, int, int)" - 115: 0%....50%....100% - 7 passes
[1;32mFUNCTIONAL SUCCESS
[0m[1;34mArray size         :[0m 10000000
[1;34mCPU Sort Time (ms) :[0m 1469.253052
[1;34mGPU Sort Time (ms) :[0m 31475.802734
[1;34mGPU Sort Speed     :[0m 0.317704 million elements per second
[1;31mPERF FAILING
[0m[1;34mGPU Sort is [1;31m21x [1;34mslower than CPU, optimize further!
[1;34mH2D Transfer Time (ms):[0m 1309.487915
[1;34mKernel Time (ms)      :[0m 30156.943359
[1;34mD2H Transfer Time (ms):[0m 9.370624
==PROF== Disconnected from process 770440
[770440] a.out@127.0.0.1
  Device 0, CC 9.0
    bitonic_shared(int *, int, int) (8192, 1, 1)x(256, 1, 1), Invocations 24
      Section: Command line profiler metrics
      ---------------------------------------------------------------- ----------- ---------- ---------- ----------
      Metric Name                                                      Metric Unit    Minimum    Maximum    Average
      ---------------------------------------------------------------- ----------- ---------- ---------- ----------
      gpu__compute_memory_throughput.avg.pct_of_peak_sustained_elapsed           %      43.01      75.78      50.07
      l1tex__t_sectors_pipe_lsu_mem_global_op_ld.sum                        sector 2097152.00 2097152.00 2097152.00
      l1tex__t_sectors_pipe_lsu_mem_local_op_ld.sum                         sector       0.00       0.00       0.00
      sm__warps_active.avg.pct_of_peak_sustained_active                          %      93.21      94.91      94.59
      smsp__thread_inst_executed_per_inst_executed.ratio                                32.00      32.00      32.00
      smsp__thread_inst_executed_pred_on_per_inst_executed.ratio                        26.84      28.98      27.36
      ---------------------------------------------------------------- ----------- ---------- ---------- ----------

    compare_exchange_cuda(int *, int, int, int) (65536, 1, 1)x(256, 1, 1), Invocations 91
      Section: Command line profiler metrics
      ---------------------------------------------------------------- ----------- ---------- ---------- ----------
      Metric Name                                                      Metric Unit    Minimum    Maximum    Average
      ---------------------------------------------------------------- ----------- ---------- ---------- ----------
      gpu__compute_memory_throughput.avg.pct_of_peak_sustained_elapsed           %      42.33      60.28      56.68
      l1tex__t_sectors_pipe_lsu_mem_global_op_ld.sum                        sector 2097152.00 2097152.00 2097152.00
      l1tex__t_sectors_pipe_lsu_mem_local_op_ld.sum                         sector       0.00       0.00       0.00
      sm__warps_active.avg.pct_of_peak_sustained_active                          %      49.18      57.10      53.90
      smsp__thread_inst_executed_per_inst_executed.ratio                                31.98      32.00      32.00
      smsp__thread_inst_executed_pred_on_per_inst_executed.ratio                        28.74      29.20      29.08
      ---------------------------------------------------------------- ----------- ---------- ---------- ----------

    fill_tail(int *, int, int, int) (26474, 1, 1)x(256, 1, 1), Invocations 1
      Section: Command line profiler metrics
      ---------------------------------------------------------------- ----------- ------- ------- -------
      Metric Name                                                      Metric Unit Minimum Maximum Average
      ---------------------------------------------------------------- ----------- ------- ------- -------
      gpu__compute_memory_throughput.avg.pct_of_peak_sustained_elapsed           %   34.95   34.95   34.95
      l1tex__t_sectors_pipe_lsu_mem_global_op_ld.sum                        sector    0.00    0.00    0.00
      l1tex__t_sectors_pipe_lsu_mem_local_op_ld.sum                         sector    0.00    0.00    0.00
      sm__warps_active.avg.pct_of_peak_sustained_active                          %   17.87   17.87   17.87
      smsp__thread_inst_executed_per_inst_executed.ratio                             32.00   32.00   32.00
      smsp__thread_inst_executed_pred_on_per_inst_executed.ratio                     29.87   29.87   29.87
      ---------------------------------------------------------------- ----------- ------- ------- -------

  Note: The shown averages are calculated as the arithmetic mean of the metric values after the evaluation of the    
  metrics for each individual kernel launch.                                                                         
  If aggregating across varying launch configurations (like shared memory, cache config settings), the arithmetic    
  mean can be misleading and looking at the individual results is recommended instead.                               

